// Jest Snapshot v1, https://goo.gl/fbAQLP

exports[`renders correctly 1`] = `
<input
  className="auth-input"
  name="key"
  onKeyPress={[Function]}
  placeholder="Format: username:key"
  type="text"
/>
`;
