// Jest Snapshot v1, https://goo.gl/fbAQLP

exports[`renders correctly 1`] = `
<button
  className="issue-card-container"
>
  <div>
    <b>
      Title:
    </b>
     
    test issue
  </div>
  <div>
    <b>
      Created at:
    </b>
     
    03/17/2020
  </div>
  <div>
    <b>
      Updated at:
    </b>
     
    13 hours ago
  </div>
</button>
`;
