// Jest Snapshot v1, https://goo.gl/fbAQLP

exports[`renders correctly 1`] = `
<div
  className="repos-container"
>
  <div
    className="content-header"
  >
    Select a Repo
  </div>
  <div
    className="list"
  />
</div>
`;
