// Jest Snapshot v1, https://goo.gl/fbAQLP

exports[`renders correctly 1`] = `
<button
  className="repo-card-container"
  onClick={[Function]}
  style={Object {}}
>
  <div>
    <b>
      Name: 
      test
    </b>
  </div>
  <div>
    <b>
      Description:
    </b>
     
  </div>
</button>
`;
